60.173.9.151 - - [22/Mar/2013:17:19:11 -0400] "GET http://www.qq.com/ HTTP/1.1" 500 0 "-" "Mozilla/4.0 (compatible; MSIE 4.01; Windows 98)"
60.173.9.151 - - [22/Mar/2013:20:53:51 -0400] "GET http://www.qq.com/ HTTP/1.1" 500 0 "-" "Mozilla/4.0 (compatible; MSIE 4.01; Windows 98)"
60.173.9.151 - - [22/Mar/2013:23:29:24 -0400] "GET http://www.qq.com/ HTTP/1.1" 500 0 "-" "Mozilla/4.0 (compatible; MSIE 4.01; Windows 98)"
60.173.9.151 - - [23/Mar/2013:00:28:05 -0400] "GET http://www.qq.com/ HTTP/1.1" 500 0 "-" "Mozilla/4.0 (compatible; MSIE 4.01; Windows 98)"
60.173.9.151 - - [23/Mar/2013:01:29:27 -0400] "GET http://www.qq.com/ HTTP/1.1" 500 0 "-" "Mozilla/4.0 (compatible; MSIE 4.01; Windows 98)"
60.173.9.151 - - [23/Mar/2013:02:47:30 -0400] "GET http://www.qq.com/ HTTP/1.1" 500 0 "-" "Mozilla/4.0 (compatible; MSIE 4.01; Windows 98)"
60.173.9.151 - - [23/Mar/2013:03:48:57 -0400] "GET http://www.qq.com/ HTTP/1.1" 500 0 "-" "Mozilla/4.0 (compatible; MSIE 4.01; Windows 98)"
60.173.9.151 - - [23/Mar/2013:04:55:44 -0400] "GET http://www.qq.com/ HTTP/1.1" 500 0 "-" "Mozilla/4.0 (compatible; MSIE 4.01; Windows 98)"
60.173.9.151 - - [23/Mar/2013:05:54:26 -0400] "GET http://www.qq.com/ HTTP/1.1" 500 0 "-" "Mozilla/4.0 (compatible; MSIE 4.01; Windows 98)"
60.173.9.151 - - [23/Mar/2013:07:07:04 -0400] "GET http://www.qq.com/ HTTP/1.1" 500 0 "-" "Mozilla/4.0 (compatible; MSIE 4.01; Windows 98)"
60.173.9.151 - - [23/Mar/2013:10:57:12 -0400] "GET http://www.qq.com/ HTTP/1.1" 500 0 "-" "Mozilla/4.0 (compatible; MSIE 4.01; Windows 98)"
202.143.152.14 - - [23/Mar/2013:14:44:23 -0400] "HEAD /manager/status HTTP/1.1" 500 0 "-" "Java/1.6.0_24"
60.173.9.151 - - [23/Mar/2013:21:24:34 -0400] "GET http://www.qq.com/ HTTP/1.1" 500 0 "-" "Mozilla/4.0 (compatible; MSIE 4.01; Windows 98)"
60.173.9.151 - - [23/Mar/2013:22:20:51 -0400] "GET http://www.qq.com/ HTTP/1.1" 500 0 "-" "Mozilla/4.0 (compatible; MSIE 4.01; Windows 98)"
60.173.9.151 - - [23/Mar/2013:23:26:11 -0400] "GET http://www.qq.com/ HTTP/1.1" 500 0 "-" "Mozilla/4.0 (compatible; MSIE 4.01; Windows 98)"
60.173.9.151 - - [24/Mar/2013:00:12:27 -0400] "GET http://www.qq.com/ HTTP/1.1" 500 0 "-" "Mozilla/4.0 (compatible; MSIE 4.01; Windows 98)"
60.173.9.151 - - [24/Mar/2013:04:22:54 -0400] "GET http://www.qq.com/ HTTP/1.1" 500 0 "-" "Mozilla/4.0 (compatible; MSIE 4.01; Windows 98)"
60.173.9.151 - - [24/Mar/2013:05:57:51 -0400] "GET http://www.qq.com/ HTTP/1.1" 500 0 "-" "Mozilla/4.0 (compatible; MSIE 4.01; Windows 98)"
60.173.9.151 - - [24/Mar/2013:07:21:05 -0400] "GET http://www.qq.com/ HTTP/1.1" 500 0 "-" "Mozilla/4.0 (compatible; MSIE 4.01; Windows 98)"
60.173.9.151 - - [24/Mar/2013:07:57:44 -0400] "GET http://www.qq.com/ HTTP/1.1" 500 0 "-" "Mozilla/4.0 (compatible; MSIE 4.01; Windows 98)"
60.173.9.151 - - [24/Mar/2013:10:05:24 -0400] "GET http://www.qq.com/ HTTP/1.1" 500 0 "-" "Mozilla/4.0 (compatible; MSIE 4.01; Windows 98)"
60.173.9.151 - - [24/Mar/2013:10:59:52 -0400] "GET http://www.qq.com/ HTTP/1.1" 500 0 "-" "Mozilla/4.0 (compatible; MSIE 4.01; Windows 98)"
60.173.9.151 - - [24/Mar/2013:12:18:18 -0400] "GET http://www.qq.com/ HTTP/1.1" 500 0 "-" "Mozilla/4.0 (compatible; MSIE 4.01; Windows 98)"
60.173.9.151 - - [24/Mar/2013:15:19:40 -0400] "GET http://www.qq.com/ HTTP/1.1" 500 0 "-" "Mozilla/4.0 (compatible; MSIE 4.01; Windows 98)"
64.15.129.182 - - [24/Mar/2013:20:02:35 -0400] "HEAD / HTTP/1.0" 500 0 "-" "-"
60.173.9.151 - - [25/Mar/2013:01:46:11 -0400] "GET http://www.qq.com/ HTTP/1.1" 500 0 "-" "Mozilla/4.0 (compatible; MSIE 4.01; Windows 98)"
50.112.128.248 - - [25/Mar/2013:02:06:45 -0400] "HEAD /manager/status HTTP/1.1" 500 0 "-" "Java/1.6.0_23"
60.173.9.151 - - [25/Mar/2013:02:30:17 -0400] "GET http://www.qq.com/ HTTP/1.1" 500 0 "-" "Mozilla/4.0 (compatible; MSIE 4.01; Windows 98)"
60.173.9.151 - - [25/Mar/2013:03:22:31 -0400] "GET http://www.qq.com/ HTTP/1.1" 500 0 "-" "Mozilla/4.0 (compatible; MSIE 4.01; Windows 98)"
60.173.9.151 - - [25/Mar/2013:04:13:07 -0400] "GET http://www.qq.com/ HTTP/1.1" 500 0 "-" "Mozilla/4.0 (compatible; MSIE 4.01; Windows 98)"
60.173.9.151 - - [25/Mar/2013:05:13:47 -0400] "GET http://www.qq.com/ HTTP/1.1" 500 0 "-" "Mozilla/4.0 (compatible; MSIE 4.01; Windows 98)"
60.173.9.151 - - [25/Mar/2013:06:09:11 -0400] "GET http://www.qq.com/ HTTP/1.1" 500 0 "-" "Mozilla/4.0 (compatible; MSIE 4.01; Windows 98)"
60.173.9.151 - - [25/Mar/2013:07:13:26 -0400] "GET http://www.qq.com/ HTTP/1.1" 500 0 "-" "Mozilla/4.0 (compatible; MSIE 4.01; Windows 98)"
60.173.9.151 - - [25/Mar/2013:08:17:31 -0400] "GET http://www.qq.com/ HTTP/1.1" 500 0 "-" "Mozilla/4.0 (compatible; MSIE 4.01; Windows 98)"
60.173.9.151 - - [25/Mar/2013:09:08:39 -0400] "GET http://www.qq.com/ HTTP/1.1" 500 0 "-" "Mozilla/4.0 (compatible; MSIE 4.01; Windows 98)"
221.2.209.46 - - [25/Mar/2013:09:26:02 -0400] "GET /manager/html HTTP/1.1" 500 0 "-" "Mozilla/3.0 (compatible; Indy Library)"
60.173.9.151 - - [25/Mar/2013:10:10:06 -0400] "GET http://www.qq.com/ HTTP/1.1" 500 0 "-" "Mozilla/4.0 (compatible; MSIE 4.01; Windows 98)"
60.173.9.151 - - [25/Mar/2013:11:13:58 -0400] "GET http://www.qq.com/ HTTP/1.1" 500 0 "-" "Mozilla/4.0 (compatible; MSIE 4.01; Windows 98)"
60.173.9.151 - - [25/Mar/2013:12:27:40 -0400] "GET http://www.qq.com/ HTTP/1.1" 500 0 "-" "Mozilla/4.0 (compatible; MSIE 4.01; Windows 98)"
60.173.9.151 - - [25/Mar/2013:20:43:25 -0400] "GET http://www.qq.com/ HTTP/1.1" 500 0 "-" "Mozilla/4.0 (compatible; MSIE 4.01; Windows 98)"
60.173.9.151 - - [25/Mar/2013:21:38:35 -0400] "GET http://www.qq.com/ HTTP/1.1" 500 0 "-" "Mozilla/4.0 (compatible; MSIE 4.01; Windows 98)"
60.173.9.151 - - [25/Mar/2013:22:47:48 -0400] "GET http://www.qq.com/ HTTP/1.1" 500 0 "-" "Mozilla/4.0 (compatible; MSIE 4.01; Windows 98)"
60.173.9.151 - - [26/Mar/2013:00:31:34 -0400] "GET http://www.qq.com/ HTTP/1.1" 500 0 "-" "Mozilla/4.0 (compatible; MSIE 4.01; Windows 98)"
60.173.9.151 - - [26/Mar/2013:01:31:43 -0400] "GET http://www.qq.com/ HTTP/1.1" 500 0 "-" "Mozilla/4.0 (compatible; MSIE 4.01; Windows 98)"
60.173.9.151 - - [26/Mar/2013:03:50:04 -0400] "GET http://www.qq.com/ HTTP/1.1" 500 0 "-" "Mozilla/4.0 (compatible; MSIE 4.01; Windows 98)"
60.173.9.151 - - [26/Mar/2013:05:45:42 -0400] "GET http://www.qq.com/ HTTP/1.1" 500 0 "-" "Mozilla/4.0 (compatible; MSIE 4.01; Windows 98)"
60.173.9.151 - - [26/Mar/2013:06:27:38 -0400] "GET http://www.qq.com/ HTTP/1.1" 500 0 "-" "Mozilla/4.0 (compatible; MSIE 4.01; Windows 98)"
60.173.9.151 - - [26/Mar/2013:07:35:25 -0400] "GET http://www.qq.com/ HTTP/1.1" 500 0 "-" "Mozilla/4.0 (compatible; MSIE 4.01; Windows 98)"
60.173.9.151 - - [26/Mar/2013:08:42:23 -0400] "GET http://www.qq.com/ HTTP/1.1" 500 0 "-" "Mozilla/4.0 (compatible; MSIE 4.01; Windows 98)"
60.173.9.151 - - [26/Mar/2013:09:55:37 -0400] "GET http://www.qq.com/ HTTP/1.1" 500 0 "-" "Mozilla/4.0 (compatible; MSIE 4.01; Windows 98)"
60.173.9.151 - - [26/Mar/2013:11:09:16 -0400] "GET http://www.qq.com/ HTTP/1.1" 500 0 "-" "Mozilla/4.0 (compatible; MSIE 4.01; Windows 98)"
60.173.9.151 - - [26/Mar/2013:12:14:08 -0400] "GET http://www.qq.com/ HTTP/1.1" 500 0 "-" "Mozilla/4.0 (compatible; MSIE 4.01; Windows 98)"
60.173.9.151 - - [26/Mar/2013:13:13:04 -0400] "GET http://www.qq.com/ HTTP/1.1" 500 0 "-" "Mozilla/4.0 (compatible; MSIE 4.01; Windows 98)"
60.173.9.151 - - [26/Mar/2013:13:56:58 -0400] "GET http://www.qq.com/ HTTP/1.1" 500 0 "-" "Mozilla/4.0 (compatible; MSIE 4.01; Windows 98)"
60.173.9.151 - - [26/Mar/2013:20:19:27 -0400] "GET http://www.qq.com/ HTTP/1.1" 500 0 "-" "Mozilla/4.0 (compatible; MSIE 4.01; Windows 98)"
60.173.9.151 - - [26/Mar/2013:21:07:15 -0400] "GET http://www.qq.com/ HTTP/1.1" 500 0 "-" "Mozilla/4.0 (compatible; MSIE 4.01; Windows 98)"
60.173.9.151 - - [26/Mar/2013:21:54:51 -0400] "GET http://www.qq.com/ HTTP/1.1" 500 0 "-" "Mozilla/4.0 (compatible; MSIE 4.01; Windows 98)"
60.173.9.151 - - [26/Mar/2013:23:49:28 -0400] "GET http://www.qq.com/ HTTP/1.1" 500 0 "-" "Mozilla/4.0 (compatible; MSIE 4.01; Windows 98)"
60.173.9.151 - - [27/Mar/2013:01:06:11 -0400] "GET http://www.qq.com/ HTTP/1.1" 500 0 "-" "Mozilla/4.0 (compatible; MSIE 4.01; Windows 98)"
60.173.9.151 - - [27/Mar/2013:02:11:35 -0400] "GET http://www.qq.com/ HTTP/1.1" 500 0 "-" "Mozilla/4.0 (compatible; MSIE 4.01; Windows 98)"
60.173.9.151 - - [27/Mar/2013:03:03:41 -0400] "GET http://www.qq.com/ HTTP/1.1" 500 0 "-" "Mozilla/4.0 (compatible; MSIE 4.01; Windows 98)"
60.173.9.151 - - [27/Mar/2013:04:02:21 -0400] "GET http://www.qq.com/ HTTP/1.1" 500 0 "-" "Mozilla/4.0 (compatible; MSIE 4.01; Windows 98)"
60.173.9.151 - - [27/Mar/2013:04:57:00 -0400] "GET http://www.qq.com/ HTTP/1.1" 500 0 "-" "Mozilla/4.0 (compatible; MSIE 4.01; Windows 98)"
60.173.9.151 - - [27/Mar/2013:05:54:14 -0400] "GET http://www.qq.com/ HTTP/1.1" 500 0 "-" "Mozilla/4.0 (compatible; MSIE 4.01; Windows 98)"
122.225.96.215 - - [27/Mar/2013:07:19:27 -0400] "HEAD /manager/html HTTP/1.0" 500 0 "-" "-"
198.101.240.110 - - [27/Mar/2013:13:55:03 -0400] "HEAD /manager/html HTTP/1.0" 500 0 "-" "-"
88.53.116.204 - - [27/Mar/2013:23:02:46 -0400] "HEAD /manager/html HTTP/1.0" 500 0 "-" "-"
177.71.232.168 - - [28/Mar/2013:11:48:14 -0400] "HEAD /manager/html HTTP/1.0" 500 0 "-" "-"
199.87.232.186 - - [29/Mar/2013:06:45:33 -0400] "-" 400 0 "-" "-"
67.207.142.198 - - [29/Mar/2013:17:29:15 -0400] "HEAD /manager/html HTTP/1.0" 500 0 "-" "-"
199.87.232.177 - - [29/Mar/2013:20:05:12 -0400] "CONNECT 203.188.201.205:25 HTTP/1.0" 400 172 "-" "-"
199.87.232.177 - - [29/Mar/2013:20:05:12 -0400] "\x04\x01\x00\x19\xA8_\x04" 400 172 "-" "-"
199.87.232.177 - - [29/Mar/2013:20:05:12 -0400] "\x05\x01\x00" 400 172 "-" "-"
82.165.151.59 - - [29/Mar/2013:22:52:37 -0400] "HEAD /manager/html HTTP/1.0" 500 0 "-" "-"
60.173.9.151 - - [30/Mar/2013:08:15:41 -0400] "GET http://www.qq.com/ HTTP/1.1" 500 0 "-" "Mozilla/4.0 (compatible; MSIE 4.01; Windows 98)"
64.15.129.182 - - [31/Mar/2013:20:57:52 -0400] "HEAD / HTTP/1.0" 500 0 "-" "-"
95.173.186.136 - - [02/Apr/2013:00:25:29 -0400] "HEAD /manager/html HTTP/1.0" 500 0 "-" "-"
46.61.162.211 - - [02/Apr/2013:05:16:08 -0400] "HEAD / HTTP/1.0" 500 0 "-" "-"
64.15.129.182 - - [03/Apr/2013:05:27:53 -0400] "HEAD / HTTP/1.0" 500 0 "-" "-"
177.71.232.168 - - [05/Apr/2013:04:21:42 -0400] "HEAD /manager/html HTTP/1.0" 500 0 "-" "-"
122.225.96.215 - - [05/Apr/2013:12:04:09 -0400] "HEAD /manager/html HTTP/1.0" 500 0 "-" "-"
64.15.129.182 - - [07/Apr/2013:15:49:21 -0400] "HEAD / HTTP/1.0" 500 0 "-" "-"
91.121.29.213 - - [08/Apr/2013:08:30:36 -0400] "GET /w00tw00t.at.ISC.SANS.DFind:) HTTP/1.1" 400 172 "-" "-"
82.19.218.37 - - [09/Apr/2013:07:45:37 -0400] "HEAD / HTTP/1.1" 500 0 "-" "Googlebot/2.1 (http://www.googlebot.com/bot.html)"
221.2.209.46 - - [09/Apr/2013:16:16:48 -0400] "GET /manager/html HTTP/1.1" 500 0 "-" "Mozilla/3.0 (compatible; Indy Library)"
187.94.62.250 - - [10/Apr/2013:05:09:50 -0400] "HEAD / HTTP/1.0" 500 0 "-" "-"
84.239.131.21 - - [10/Apr/2013:14:03:31 -0400] "HEAD / HTTP/1.0" 500 0 "-" "-"
60.173.14.75 - - [10/Apr/2013:23:11:21 -0400] "GET http://www.qq.com/ HTTP/1.1" 500 0 "-" "Mozilla/4.0 (compatible; MSIE 4.01; Windows 98)"
60.173.14.75 - - [11/Apr/2013:00:45:13 -0400] "GET http://www.qq.com/ HTTP/1.1" 500 0 "-" "Mozilla/4.0 (compatible; MSIE 4.01; Windows 98)"
60.173.14.75 - - [11/Apr/2013:02:58:44 -0400] "GET http://www.qq.com/ HTTP/1.1" 500 0 "-" "Mozilla/4.0 (compatible; MSIE 4.01; Windows 98)"
60.173.14.75 - - [11/Apr/2013:04:20:01 -0400] "GET http://www.qq.com/ HTTP/1.1" 500 0 "-" "Mozilla/4.0 (compatible; MSIE 4.01; Windows 98)"
60.173.14.75 - - [11/Apr/2013:05:44:29 -0400] "GET http://www.qq.com/ HTTP/1.1" 500 0 "-" "Mozilla/4.0 (compatible; MSIE 4.01; Windows 98)"
203.171.226.88 - - [11/Apr/2013:06:00:45 -0400] "GET /manager/html HTTP/1.1" 500 0 "-" "Mozilla/3.0 (compatible; Indy Library)"
60.173.14.75 - - [11/Apr/2013:07:24:20 -0400] "GET http://www.qq.com/ HTTP/1.1" 500 0 "-" "Mozilla/4.0 (compatible; MSIE 4.01; Windows 98)"
60.173.14.75 - - [11/Apr/2013:08:23:42 -0400] "GET http://www.qq.com/ HTTP/1.1" 500 0 "-" "Mozilla/4.0 (compatible; MSIE 4.01; Windows 98)"
107.21.231.144 - - [12/Apr/2013:06:29:16 -0400] "HEAD / HTTP/1.0" 500 0 "-" "-"
194.206.119.221 - - [12/Apr/2013:09:36:13 -0400] "HEAD / HTTP/1.0" 500 0 "-" "-"
199.87.232.186 - - [12/Apr/2013:21:23:06 -0400] "-" 400 0 "-" "-"
60.173.9.151 - - [12/Apr/2013:23:46:43 -0400] "GET http://www.qq.com/ HTTP/1.1" 500 0 "-" "Mozilla/4.0 (compatible; MSIE 4.01; Windows 98)"
60.173.14.75 - - [13/Apr/2013:07:35:49 -0400] "GET http://www.qq.com/ HTTP/1.1" 500 0 "-" "Mozilla/4.0 (compatible; MSIE 4.01; Windows 98)"
200.252.185.231 - - [13/Apr/2013:09:54:15 -0400] "GET /\x5Cr\x5Cn\x5Cr\x5Cn" 500 0 "-" "-"
199.87.232.177 - - [13/Apr/2013:23:41:14 -0400] "CONNECT 203.188.201.201:25 HTTP/1.0" 400 172 "-" "-"
199.87.232.177 - - [13/Apr/2013:23:41:14 -0400] "\x05\x01\x00" 400 172 "-" "-"
199.87.232.177 - - [13/Apr/2013:23:41:14 -0400] "\x04\x01\x00\x19\xA8_\x04" 400 172 "-" "-"
199.87.232.186 - - [14/Apr/2013:09:16:20 -0400] "-" 400 0 "-" "-"
60.173.9.151 - - [14/Apr/2013:20:24:10 -0400] "GET http://www.qq.com/ HTTP/1.1" 500 0 "-" "Mozilla/4.0 (compatible; MSIE 4.01; Windows 98)"
60.173.9.151 - - [14/Apr/2013:20:38:07 -0400] "GET http://www.qq.com/ HTTP/1.1" 500 0 "-" "Mozilla/4.0 (compatible; MSIE 4.01; Windows 98)"
199.87.232.177 - - [15/Apr/2013:04:11:33 -0400] "\x04\x01\x00\x19\xA8_\x04" 400 172 "-" "-"
199.87.232.177 - - [15/Apr/2013:04:11:33 -0400] "\x05\x01\x00" 400 172 "-" "-"
199.87.232.177 - - [15/Apr/2013:04:11:33 -0400] "CONNECT 203.188.201.208:25 HTTP/1.0" 400 172 "-" "-"
194.206.119.221 - - [16/Apr/2013:07:40:23 -0400] "HEAD / HTTP/1.0" 500 0 "-" "-"
121.189.59.207 - - [18/Apr/2013:03:04:08 -0400] "GET /manager/html HTTP/1.1" 500 0 "-" "Mozilla/3.0 (compatible; Indy Library)"
112.101.64.34 - - [20/Apr/2013:00:53:20 -0400] "GET http://114.80.155.202:8808/9262/ HTTP/1.1" 500 0 "-" "-"
199.87.232.186 - - [20/Apr/2013:03:26:44 -0400] "-" 400 0 "-" "-"
199.87.232.177 - - [20/Apr/2013:06:39:04 -0400] "\x04\x01\x00\x19\xA8_\x04" 400 172 "-" "-"
199.87.232.177 - - [20/Apr/2013:06:39:04 -0400] "\x05\x01\x00" 400 172 "-" "-"
199.87.232.177 - - [20/Apr/2013:06:39:04 -0400] "CONNECT 203.188.201.208:25 HTTP/1.0" 400 172 "-" "-"
96.254.171.2 - - [20/Apr/2013:14:59:58 -0400] "\x00" 400 172 "-" "-"
96.254.171.2 - - [20/Apr/2013:14:59:58 -0400] "GET http://server5.cyberpods.net/azenv.php HTTP/1.1" 500 0 "-" "Mozilla/5.0 (Windows; U; Windows NT 6.1; en-US; rv:1.9.2.28) Gecko/20120306 Firefox/3.6.28 (.NET CLR 3.5.30729)"
96.254.171.2 - - [20/Apr/2013:14:59:58 -0400] "\x04\x01\x00P\xC7\xA8\xBDh0\x00" 400 172 "-" "-"
96.254.171.2 - - [20/Apr/2013:14:59:59 -0400] "\x04\x01\x00P\xC7\xA8\xBDh0\x00" 400 172 "-" "-"
96.254.171.2 - - [20/Apr/2013:14:59:59 -0400] "\x05\x01\x00" 400 172 "-" "-"
112.101.64.34 - - [20/Apr/2013:16:55:12 -0400] "GET http://114.80.155.202:8808/9262/ HTTP/1.1" 500 0 "-" "-"
199.87.232.177 - - [20/Apr/2013:17:10:47 -0400] "CONNECT 203.188.201.202:25 HTTP/1.0" 400 172 "-" "-"
199.87.232.177 - - [20/Apr/2013:17:10:47 -0400] "\x04\x01\x00\x19\xA8_\x04" 400 172 "-" "-"
199.87.232.177 - - [20/Apr/2013:17:10:47 -0400] "\x05\x01\x00" 400 172 "-" "-"
96.254.171.2 - - [20/Apr/2013:20:17:55 -0400] "\x00" 400 172 "-" "-"
96.254.171.2 - - [20/Apr/2013:20:17:55 -0400] "GET http://server4.cyberpods.net/azenv.php HTTP/1.1" 500 0 "-" "Mozilla/5.0 (Windows; U; Windows NT 6.1; en-US; rv:1.9.2.28) Gecko/20120306 Firefox/3.6.28 (.NET CLR 3.5.30729)"
96.254.171.2 - - [20/Apr/2013:20:17:56 -0400] "\x04\x01\x00P@\xFB\x0F\xCF0\x00" 400 172 "-" "-"
96.254.171.2 - - [20/Apr/2013:20:17:56 -0400] "\x04\x01\x00P@\xFB\x0F\xCF0\x00" 400 172 "-" "-"
96.254.171.2 - - [20/Apr/2013:20:17:56 -0400] "\x05\x01\x00" 400 172 "-" "-"
107.21.231.144 - - [21/Apr/2013:06:47:01 -0400] "HEAD / HTTP/1.0" 500 0 "-" "-"
140.206.116.74 - - [21/Apr/2013:08:32:00 -0400] "HEAD /manager/status HTTP/1.1" 500 0 "-" "Java/1.6.0_27"
96.254.171.2 - - [21/Apr/2013:10:19:17 -0400] "\x00" 400 172 "-" "-"
96.254.171.2 - - [21/Apr/2013:10:19:17 -0400] "GET http://server5.cyberpods.net/azenv.php HTTP/1.1" 500 0 "-" "Mozilla/5.0 (Windows; U; Windows NT 6.1; en-US; rv:1.9.2.28) Gecko/20120306 Firefox/3.6.28 (.NET CLR 3.5.30729)"
96.254.171.2 - - [21/Apr/2013:10:19:18 -0400] "\x04\x01\x00P\xC7\xA8\xBDh0\x00" 400 172 "-" "-"
96.254.171.2 - - [21/Apr/2013:10:19:18 -0400] "\x04\x01\x00P\xC7\xA8\xBDh0\x00" 400 172 "-" "-"
96.254.171.2 - - [21/Apr/2013:10:19:18 -0400] "\x05\x01\x00" 400 172 "-" "-"
96.254.171.2 - - [21/Apr/2013:14:21:08 -0400] "\x00" 400 172 "-" "-"
96.254.171.2 - - [21/Apr/2013:14:21:08 -0400] "GET http://server4.cyberpods.net/azenv.php HTTP/1.1" 500 0 "-" "Mozilla/5.0 (Windows; U; Windows NT 6.1; en-US; rv:1.9.2.28) Gecko/20120306 Firefox/3.6.28 (.NET CLR 3.5.30729)"
96.254.171.2 - - [21/Apr/2013:14:21:09 -0400] "\x04\x01\x00P@\xFB\x0F\xCF0\x00" 400 172 "-" "-"
96.254.171.2 - - [21/Apr/2013:14:21:09 -0400] "\x04\x01\x00P@\xFB\x0F\xCF0\x00" 400 172 "-" "-"
96.254.171.2 - - [21/Apr/2013:14:21:09 -0400] "\x05\x01\x00" 400 172 "-" "-"
112.101.64.34 - - [21/Apr/2013:17:44:48 -0400] "GET http://114.80.155.202:8808/9262/ HTTP/1.1" 500 0 "-" "-"
96.254.171.2 - - [22/Apr/2013:01:43:17 -0400] "\x00" 400 172 "-" "-"
96.254.171.2 - - [22/Apr/2013:01:43:17 -0400] "GET http://server5.cyberpods.net/azenv.php HTTP/1.1" 500 0 "-" "Mozilla/5.0 (Windows; U; Windows NT 6.1; en-US; rv:1.9.2.28) Gecko/20120306 Firefox/3.6.28 (.NET CLR 3.5.30729)"
96.254.171.2 - - [22/Apr/2013:01:43:18 -0400] "\x04\x01\x00P\xC7\xA8\xBDh0\x00" 400 172 "-" "-"
96.254.171.2 - - [22/Apr/2013:01:43:18 -0400] "\x04\x01\x00P\xC7\xA8\xBDh0\x00" 400 172 "-" "-"
96.254.171.2 - - [22/Apr/2013:01:43:18 -0400] "\x05\x01\x00" 400 172 "-" "-"
96.254.171.2 - - [22/Apr/2013:07:19:00 -0400] "\x00" 400 172 "-" "-"
96.254.171.2 - - [22/Apr/2013:07:19:00 -0400] "GET http://server5.cyberpods.net/azenv.php HTTP/1.1" 500 0 "-" "Mozilla/5.0 (Windows; U; Windows NT 6.1; en-US; rv:1.9.2.28) Gecko/20120306 Firefox/3.6.28 (.NET CLR 3.5.30729)"
96.254.171.2 - - [22/Apr/2013:07:19:01 -0400] "\x04\x01\x00P\xC7\xA8\xBDh0\x00" 400 172 "-" "-"
96.254.171.2 - - [22/Apr/2013:07:19:01 -0400] "\x04\x01\x00P\xC7\xA8\xBDh0\x00" 400 172 "-" "-"
96.254.171.2 - - [22/Apr/2013:07:19:01 -0400] "\x05\x01\x00" 400 172 "-" "-"
168.63.85.233 - - [22/Apr/2013:20:12:24 -0400] "HEAD /manager/status HTTP/1.1" 500 0 "-" "Java/1.7.0_17"
96.254.171.2 - - [23/Apr/2013:04:51:01 -0400] "\x00" 400 172 "-" "-"
96.254.171.2 - - [23/Apr/2013:04:51:02 -0400] "GET http://server5.cyberpods.net/azenv.php HTTP/1.1" 500 0 "-" "Mozilla/5.0 (Windows; U; Windows NT 6.1; en-US; rv:1.9.2.28) Gecko/20120306 Firefox/3.6.28 (.NET CLR 3.5.30729)"
96.254.171.2 - - [23/Apr/2013:04:51:02 -0400] "\x04\x01\x00P\xC7\xA8\xBDh0\x00" 400 172 "-" "-"
96.254.171.2 - - [23/Apr/2013:04:51:02 -0400] "\x04\x01\x00P\xC7\xA8\xBDh0\x00" 400 172 "-" "-"
96.254.171.2 - - [23/Apr/2013:04:51:03 -0400] "\x05\x01\x00" 400 172 "-" "-"
96.254.171.2 - - [23/Apr/2013:10:00:20 -0400] "\x00" 400 172 "-" "-"
96.254.171.2 - - [23/Apr/2013:10:00:21 -0400] "GET http://server4.cyberpods.net/azenv.php HTTP/1.1" 500 0 "-" "Mozilla/5.0 (Windows; U; Windows NT 6.1; en-US; rv:1.9.2.28) Gecko/20120306 Firefox/3.6.28 (.NET CLR 3.5.30729)"
96.254.171.2 - - [23/Apr/2013:10:00:21 -0400] "\x04\x01\x00P@\xFB\x0F\xCF0\x00" 400 172 "-" "-"
96.254.171.2 - - [23/Apr/2013:10:00:21 -0400] "\x04\x01\x00P@\xFB\x0F\xCF0\x00" 400 172 "-" "-"
96.254.171.2 - - [23/Apr/2013:10:00:21 -0400] "\x05\x01\x00" 400 172 "-" "-"
67.220.117.52 - - [23/Apr/2013:14:47:46 -0400] "HEAD / HTTP/1.0" 500 0 "-" "-"
60.173.14.85 - - [24/Apr/2013:06:36:02 -0400] "GET http://www.qq.com/ HTTP/1.1" 500 0 "-" "Mozilla/4.0 (compatible; MSIE 4.01; Windows 98)"
96.254.171.2 - - [24/Apr/2013:15:39:39 -0400] "\x00" 400 172 "-" "-"
96.254.171.2 - - [24/Apr/2013:15:39:39 -0400] "GET http://server4.cyberpods.net/azenv.php HTTP/1.1" 500 0 "-" "Mozilla/5.0 (Windows; U; Windows NT 6.1; en-US; rv:1.9.2.28) Gecko/20120306 Firefox/3.6.28 (.NET CLR 3.5.30729)"
96.254.171.2 - - [24/Apr/2013:15:39:40 -0400] "\x04\x01\x00P@\xFB\x0F\xCF0\x00" 400 172 "-" "-"
96.254.171.2 - - [24/Apr/2013:15:39:40 -0400] "\x04\x01\x00P@\xFB\x0F\xCF0\x00" 400 172 "-" "-"
96.254.171.2 - - [24/Apr/2013:15:39:40 -0400] "\x05\x01\x00" 400 172 "-" "-"
96.254.171.2 - - [24/Apr/2013:17:06:40 -0400] "\x00" 400 172 "-" "-"
96.254.171.2 - - [24/Apr/2013:17:06:40 -0400] "GET http://server5.cyberpods.net/azenv.php HTTP/1.1" 500 0 "-" "Mozilla/5.0 (Windows; U; Windows NT 6.1; en-US; rv:1.9.2.28) Gecko/20120306 Firefox/3.6.28 (.NET CLR 3.5.30729)"
96.254.171.2 - - [24/Apr/2013:17:06:41 -0400] "\x04\x01\x00P\xC7\xA8\xBDh0\x00" 400 172 "-" "-"
96.254.171.2 - - [24/Apr/2013:17:06:41 -0400] "\x04\x01\x00P\xC7\xA8\xBDh0\x00" 400 172 "-" "-"
96.254.171.2 - - [24/Apr/2013:17:06:41 -0400] "\x05\x01\x00" 400 172 "-" "-"
96.254.171.2 - - [25/Apr/2013:04:44:22 -0400] "\x00" 400 172 "-" "-"
96.254.171.2 - - [25/Apr/2013:04:44:23 -0400] "GET http://server4.cyberpods.net/azenv.php HTTP/1.1" 500 0 "-" "Mozilla/5.0 (Windows; U; Windows NT 6.1; en-US; rv:1.9.2.28) Gecko/20120306 Firefox/3.6.28 (.NET CLR 3.5.30729)"
96.254.171.2 - - [25/Apr/2013:04:44:23 -0400] "\x04\x01\x00P@\xFB\x0F\xCF0\x00" 400 172 "-" "-"
96.254.171.2 - - [25/Apr/2013:04:44:23 -0400] "\x04\x01\x00P@\xFB\x0F\xCF0\x00" 400 172 "-" "-"
96.254.171.2 - - [25/Apr/2013:04:44:23 -0400] "\x05\x01\x00" 400 172 "-" "-"
60.173.14.85 - - [25/Apr/2013:06:25:42 -0400] "GET http://www.qq.com/ HTTP/1.1" 500 0 "-" "Mozilla/4.0 (compatible; MSIE 4.01; Windows 98)"
96.254.171.2 - - [25/Apr/2013:14:07:28 -0400] "\x00" 400 172 "-" "-"
96.254.171.2 - - [25/Apr/2013:14:07:29 -0400] "GET http://server5.cyberpods.net/azenv.php HTTP/1.1" 500 0 "-" "Mozilla/5.0 (Windows; U; Windows NT 6.1; en-US; rv:1.9.2.28) Gecko/20120306 Firefox/3.6.28 (.NET CLR 3.5.30729)"
96.254.171.2 - - [25/Apr/2013:14:07:29 -0400] "\x04\x01\x00P\xC7\xA8\xBDh0\x00" 400 172 "-" "-"
96.254.171.2 - - [25/Apr/2013:14:07:30 -0400] "\x04\x01\x00P\xC7\xA8\xBDh0\x00" 400 172 "-" "-"
96.254.171.2 - - [25/Apr/2013:14:07:30 -0400] "\x05\x01\x00" 400 172 "-" "-"
96.254.171.2 - - [25/Apr/2013:15:00:30 -0400] "\x00" 400 172 "-" "-"
96.254.171.2 - - [25/Apr/2013:15:00:30 -0400] "GET http://server4.cyberpods.net/azenv.php HTTP/1.1" 500 0 "-" "Mozilla/5.0 (Windows; U; Windows NT 6.1; en-US; rv:1.9.2.28) Gecko/20120306 Firefox/3.6.28 (.NET CLR 3.5.30729)"
96.254.171.2 - - [25/Apr/2013:15:00:32 -0400] "\x04\x01\x00P@\xFB\x0F\xCF0\x00" 400 172 "-" "-"
96.254.171.2 - - [25/Apr/2013:15:00:32 -0400] "\x04\x01\x00P@\xFB\x0F\xCF0\x00" 400 172 "-" "-"
96.254.171.2 - - [25/Apr/2013:15:00:32 -0400] "\x05\x01\x00" 400 172 "-" "-"
96.254.171.2 - - [26/Apr/2013:06:05:58 -0400] "\x00" 400 172 "-" "-"
96.254.171.2 - - [26/Apr/2013:06:05:59 -0400] "GET http://server5.cyberpods.net/azenv.php HTTP/1.1" 500 0 "-" "Mozilla/5.0 (Windows; U; Windows NT 6.1; en-US; rv:1.9.2.28) Gecko/20120306 Firefox/3.6.28 (.NET CLR 3.5.30729)"
96.254.171.2 - - [26/Apr/2013:06:05:59 -0400] "\x04\x01\x00P\xC7\xA8\xBDh0\x00" 400 172 "-" "-"
96.254.171.2 - - [26/Apr/2013:06:05:59 -0400] "\x04\x01\x00P\xC7\xA8\xBDh0\x00" 400 172 "-" "-"
96.254.171.2 - - [26/Apr/2013:06:05:59 -0400] "\x05\x01\x00" 400 172 "-" "-"
60.173.14.85 - - [26/Apr/2013:07:11:32 -0400] "GET http://www.qq.com/ HTTP/1.1" 500 0 "-" "Mozilla/4.0 (compatible; MSIE 4.01; Windows 98)"
60.173.14.85 - - [26/Apr/2013:08:06:53 -0400] "GET http://www.qq.com/ HTTP/1.1" 500 0 "-" "Mozilla/4.0 (compatible; MSIE 4.01; Windows 98)"
60.173.14.85 - - [26/Apr/2013:09:12:24 -0400] "GET http://www.qq.com/ HTTP/1.1" 500 0 "-" "Mozilla/4.0 (compatible; MSIE 4.01; Windows 98)"
222.186.23.11 - - [26/Apr/2013:13:04:43 -0400] "GET http://www.qq.com/ HTTP/1.1" 500 0 "-" "Mozilla/4.0 (compatible; MSIE 4.01; Windows 98)"
96.254.171.2 - - [26/Apr/2013:18:17:50 -0400] "\x00" 400 172 "-" "-"
96.254.171.2 - - [26/Apr/2013:18:17:51 -0400] "GET http://server5.cyberpods.net/azenv.php HTTP/1.1" 500 0 "-" "Mozilla/5.0 (Windows; U; Windows NT 6.1; en-US; rv:1.9.2.28) Gecko/20120306 Firefox/3.6.28 (.NET CLR 3.5.30729)"
96.254.171.2 - - [26/Apr/2013:18:17:52 -0400] "\x04\x01\x00P\xC7\xA8\xBDh0\x00" 400 172 "-" "-"
96.254.171.2 - - [26/Apr/2013:18:17:53 -0400] "\x04\x01\x00P\xC7\xA8\xBDh0\x00" 400 172 "-" "-"
96.254.171.2 - - [26/Apr/2013:18:17:56 -0400] "\x05\x01\x00" 400 172 "-" "-"
96.254.171.2 - - [26/Apr/2013:18:17:56 -0400] "\x05\x01\x00" 400 172 "-" "-"
222.186.23.11 - - [26/Apr/2013:21:15:01 -0400] "GET http://www.qq.com/ HTTP/1.1" 500 0 "-" "Mozilla/4.0 (compatible; MSIE 4.01; Windows 98)"
222.186.23.11 - - [26/Apr/2013:23:04:20 -0400] "GET http://www.qq.com/ HTTP/1.1" 500 0 "-" "Mozilla/4.0 (compatible; MSIE 4.01; Windows 98)"
222.186.23.11 - - [27/Apr/2013:02:17:50 -0400] "GET http://www.qq.com/ HTTP/1.1" 500 0 "-" "Mozilla/4.0 (compatible; MSIE 4.01; Windows 98)"
222.186.23.11 - - [27/Apr/2013:08:40:56 -0400] "GET http://www.qq.com/ HTTP/1.1" 500 0 "-" "Mozilla/4.0 (compatible; MSIE 4.01; Windows 98)"
222.186.23.11 - - [27/Apr/2013:11:22:52 -0400] "GET http://www.qq.com/ HTTP/1.1" 500 0 "-" "Mozilla/4.0 (compatible; MSIE 4.01; Windows 98)"
96.254.171.2 - - [27/Apr/2013:19:28:31 -0400] "\x00" 400 172 "-" "-"
96.254.171.2 - - [27/Apr/2013:19:28:32 -0400] "GET http://server5.cyberpods.net/azenv.php HTTP/1.1" 500 0 "-" "Mozilla/5.0 (Windows; U; Windows NT 6.1; en-US; rv:1.9.2.28) Gecko/20120306 Firefox/3.6.28 (.NET CLR 3.5.30729)"
96.254.171.2 - - [27/Apr/2013:19:28:33 -0400] "\x04\x01\x00P\xC7\xA8\xBDh0\x00" 400 172 "-" "-"
96.254.171.2 - - [27/Apr/2013:19:28:33 -0400] "\x04\x01\x00P\xC7\xA8\xBDh0\x00" 400 172 "-" "-"
96.254.171.2 - - [27/Apr/2013:19:28:34 -0400] "\x05\x01\x00" 400 172 "-" "-"
60.173.12.81 - - [27/Apr/2013:23:06:30 -0400] "GET http://114.80.155.202:8808/9262/ HTTP/1.1" 500 0 "-" "-"
96.254.171.2 - - [28/Apr/2013:00:50:20 -0400] "\x00" 400 172 "-" "-"
96.254.171.2 - - [28/Apr/2013:00:50:23 -0400] "GET http://server5.cyberpods.net/azenv.php HTTP/1.1" 500 0 "-" "Mozilla/5.0 (Windows; U; Windows NT 6.1; en-US; rv:1.9.2.28) Gecko/20120306 Firefox/3.6.28 (.NET CLR 3.5.30729)"
96.254.171.2 - - [28/Apr/2013:00:50:25 -0400] "\x04\x01\x00P\xC7\xA8\xBDh0\x00" 400 172 "-" "-"
96.254.171.2 - - [28/Apr/2013:00:50:26 -0400] "\x04\x01\x00P\xC7\xA8\xBDh0\x00" 400 172 "-" "-"
96.254.171.2 - - [28/Apr/2013:00:50:27 -0400] "\x05\x01\x00" 400 172 "-" "-"
61.161.172.6 - - [28/Apr/2013:03:05:07 -0400] "HEAD /manager/status HTTP/1.1" 500 0 "-" "Java/1.6.0_24"
222.186.23.11 - - [28/Apr/2013:03:14:39 -0400] "GET http://www.qq.com/ HTTP/1.1" 500 0 "-" "Mozilla/4.0 (compatible; MSIE 4.01; Windows 98)"
222.186.23.11 - - [28/Apr/2013:05:23:01 -0400] "GET http://www.qq.com/ HTTP/1.1" 500 0 "-" "Mozilla/4.0 (compatible; MSIE 4.01; Windows 98)"
222.186.23.11 - - [28/Apr/2013:07:24:26 -0400] "GET http://www.qq.com/ HTTP/1.1" 500 0 "-" "Mozilla/4.0 (compatible; MSIE 4.01; Windows 98)"
222.186.23.11 - - [28/Apr/2013:21:30:22 -0400] "-" 400 0 "-" "-"
96.254.171.2 - - [29/Apr/2013:01:46:52 -0400] "\x00" 400 172 "-" "-"
96.254.171.2 - - [29/Apr/2013:01:46:55 -0400] "GET http://server5.cyberpods.net/azenv.php HTTP/1.1" 500 30 "-" "Mozilla/5.0 (Windows; U; Windows NT 6.1; en-US; rv:1.9.2.28) Gecko/20120306 Firefox/3.6.28 (.NET CLR 3.5.30729)"
96.254.171.2 - - [29/Apr/2013:01:46:58 -0400] "\x04\x01\x00P\xC7\xA8\xBDh0\x00" 400 172 "-" "-"
96.254.171.2 - - [29/Apr/2013:01:46:59 -0400] "\x04\x01\x00P\xC7\xA8\xBDh0\x00" 400 172 "-" "-"
96.254.171.2 - - [29/Apr/2013:01:47:00 -0400] "\x05\x01\x00" 400 172 "-" "-"
222.186.23.11 - - [29/Apr/2013:05:36:31 -0400] "GET http://www.qq.com/ HTTP/1.1" 500 30 "-" "Mozilla/4.0 (compatible; MSIE 4.01; Windows 98)"
82.98.150.34 - - [29/Apr/2013:08:48:07 -0400] "HEAD / HTTP/1.0" 500 0 "-" "-"
